submitted response_id=resp_05738fd97492cc8b006a18afc6cf9481978d6c2feefe7f2a1f model=o3-deep-research
response_id=resp_05738fd97492cc8b006a18afc6cf9481978d6c2feefe7f2a1f status=queued
response_id=resp_05738fd97492cc8b006a18afc6cf9481978d6c2feefe7f2a1f status=in_progress
response_id=resp_05738fd97492cc8b006a18afc6cf9481978d6c2feefe7f2a1f status=in_progress
response_id=resp_05738fd97492cc8b006a18afc6cf9481978d6c2feefe7f2a1f status=in_progress
response_id=resp_05738fd97492cc8b006a18afc6cf9481978d6c2feefe7f2a1f status=in_progress
response_id=resp_05738fd97492cc8b006a18afc6cf9481978d6c2feefe7f2a1f status=in_progress
response_id=resp_05738fd97492cc8b006a18afc6cf9481978d6c2feefe7f2a1f status=in_progress
response_id=resp_05738fd97492cc8b006a18afc6cf9481978d6c2feefe7f2a1f status=in_progress
response_id=resp_05738fd97492cc8b006a18afc6cf9481978d6c2feefe7f2a1f status=in_progress
response_id=resp_05738fd97492cc8b006a18afc6cf9481978d6c2feefe7f2a1f status=in_progress
response_id=resp_05738fd97492cc8b006a18afc6cf9481978d6c2feefe7f2a1f status=in_progress
response_id=resp_05738fd97492cc8b006a18afc6cf9481978d6c2feefe7f2a1f status=in_progress
response_id=resp_05738fd97492cc8b006a18afc6cf9481978d6c2feefe7f2a1f status=in_progress
response_id=resp_05738fd97492cc8b006a18afc6cf9481978d6c2feefe7f2a1f status=in_progress
response_id=resp_05738fd97492cc8b006a18afc6cf9481978d6c2feefe7f2a1f status=in_progress
response_id=resp_05738fd97492cc8b006a18afc6cf9481978d6c2feefe7f2a1f status=in_progress
response_id=resp_05738fd97492cc8b006a18afc6cf9481978d6c2feefe7f2a1f status=in_progress
response_id=resp_05738fd97492cc8b006a18afc6cf9481978d6c2feefe7f2a1f status=in_progress
response_id=resp_05738fd97492cc8b006a18afc6cf9481978d6c2feefe7f2a1f status=in_progress
response_id=resp_05738fd97492cc8b006a18afc6cf9481978d6c2feefe7f2a1f status=in_progress
response_id=resp_05738fd97492cc8b006a18afc6cf9481978d6c2feefe7f2a1f status=in_progress
response_id=resp_05738fd97492cc8b006a18afc6cf9481978d6c2feefe7f2a1f status=in_progress
response_id=resp_05738fd97492cc8b006a18afc6cf9481978d6c2feefe7f2a1f status=completed
terminal_status=completed
